Archive member included to satisfy reference by file (symbol)

d:/programme/gcc-arm-none-eabi-10.3-2021.10/bin/../lib/gcc/arm-none-eabi/10.3.1/../../../../arm-none-eabi/lib/thumb/v7-m/nofp\libstdc++_nano.a(del_op.o)
                              ./vihal/core/src/hwcan.o (operator delete(void*))
d:/programme/gcc-arm-none-eabi-10.3-2021.10/bin/../lib/gcc/arm-none-eabi/10.3.1/../../../../arm-none-eabi/lib/thumb/v7-m/nofp\libg_nano.a(lib_a-errno.o)
                              ./vihal/core/src/system.o (__errno)
d:/programme/gcc-arm-none-eabi-10.3-2021.10/bin/../lib/gcc/arm-none-eabi/10.3.1/../../../../arm-none-eabi/lib/thumb/v7-m/nofp\libg_nano.a(lib_a-impure.o)
                              d:/programme/gcc-arm-none-eabi-10.3-2021.10/bin/../lib/gcc/arm-none-eabi/10.3.1/../../../../arm-none-eabi/lib/thumb/v7-m/nofp\libg_nano.a(lib_a-errno.o) (_impure_ptr)
d:/programme/gcc-arm-none-eabi-10.3-2021.10/bin/../lib/gcc/arm-none-eabi/10.3.1/../../../../arm-none-eabi/lib/thumb/v7-m/nofp\libg_nano.a(lib_a-malloc.o)
                              d:/programme/gcc-arm-none-eabi-10.3-2021.10/bin/../lib/gcc/arm-none-eabi/10.3.1/../../../../arm-none-eabi/lib/thumb/v7-m/nofp\libstdc++_nano.a(del_op.o) (free)
d:/programme/gcc-arm-none-eabi-10.3-2021.10/bin/../lib/gcc/arm-none-eabi/10.3.1/../../../../arm-none-eabi/lib/thumb/v7-m/nofp\libg_nano.a(lib_a-memset.o)
                              ./vihal/armm/STM32/src/hwusbctrl_stm32.o (memset)
d:/programme/gcc-arm-none-eabi-10.3-2021.10/bin/../lib/gcc/arm-none-eabi/10.3.1/../../../../arm-none-eabi/lib/thumb/v7-m/nofp\libg_nano.a(lib_a-nano-freer.o)
                              d:/programme/gcc-arm-none-eabi-10.3-2021.10/bin/../lib/gcc/arm-none-eabi/10.3.1/../../../../arm-none-eabi/lib/thumb/v7-m/nofp\libg_nano.a(lib_a-malloc.o) (_free_r)
d:/programme/gcc-arm-none-eabi-10.3-2021.10/bin/../lib/gcc/arm-none-eabi/10.3.1/../../../../arm-none-eabi/lib/thumb/v7-m/nofp\libg_nano.a(lib_a-nano-mallocr.o)
                              d:/programme/gcc-arm-none-eabi-10.3-2021.10/bin/../lib/gcc/arm-none-eabi/10.3.1/../../../../arm-none-eabi/lib/thumb/v7-m/nofp\libg_nano.a(lib_a-malloc.o) (_malloc_r)
d:/programme/gcc-arm-none-eabi-10.3-2021.10/bin/../lib/gcc/arm-none-eabi/10.3.1/../../../../arm-none-eabi/lib/thumb/v7-m/nofp\libg_nano.a(lib_a-sbrkr.o)
                              d:/programme/gcc-arm-none-eabi-10.3-2021.10/bin/../lib/gcc/arm-none-eabi/10.3.1/../../../../arm-none-eabi/lib/thumb/v7-m/nofp\libg_nano.a(lib_a-nano-mallocr.o) (_sbrk_r)
d:/programme/gcc-arm-none-eabi-10.3-2021.10/bin/../lib/gcc/arm-none-eabi/10.3.1/../../../../arm-none-eabi/lib/thumb/v7-m/nofp\libg_nano.a(lib_a-mlock.o)
                              d:/programme/gcc-arm-none-eabi-10.3-2021.10/bin/../lib/gcc/arm-none-eabi/10.3.1/../../../../arm-none-eabi/lib/thumb/v7-m/nofp\libg_nano.a(lib_a-nano-freer.o) (__malloc_lock)
d:/programme/gcc-arm-none-eabi-10.3-2021.10/bin/../lib/gcc/arm-none-eabi/10.3.1/../../../../arm-none-eabi/lib/thumb/v7-m/nofp\libg_nano.a(lib_a-reent.o)
                              d:/programme/gcc-arm-none-eabi-10.3-2021.10/bin/../lib/gcc/arm-none-eabi/10.3.1/../../../../arm-none-eabi/lib/thumb/v7-m/nofp\libg_nano.a(lib_a-sbrkr.o) (errno)
d:/programme/gcc-arm-none-eabi-10.3-2021.10/bin/../lib/gcc/arm-none-eabi/10.3.1/../../../../arm-none-eabi/lib/thumb/v7-m/nofp\libg_nano.a(lib_a-lock.o)
                              d:/programme/gcc-arm-none-eabi-10.3-2021.10/bin/../lib/gcc/arm-none-eabi/10.3.1/../../../../arm-none-eabi/lib/thumb/v7-m/nofp\libg_nano.a(lib_a-mlock.o) (__retarget_lock_acquire_recursive)

Discarded input sections

 .group         0x00000000        0xc ./vihal/core/src/clockcnt.o
 .group         0x00000000        0xc ./vihal/core/src/clockcnt.o
 .group         0x00000000        0xc ./vihal/core/src/clockcnt.o
 .group         0x00000000        0xc ./vihal/core/src/clockcnt.o
 .group         0x00000000        0xc ./vihal/core/src/clockcnt.o
 .group         0x00000000        0xc ./vihal/core/src/clockcnt.o
 .group         0x00000000        0xc ./vihal/core/src/clockcnt.o
 .group         0x00000000        0xc ./vihal/core/src/clockcnt.o
 .group         0x00000000        0xc ./vihal/core/src/clockcnt.o
 .group         0x00000000        0xc ./vihal/core/src/clockcnt.o
 .group         0x00000000        0xc ./vihal/core/src/clockcnt.o
 .group         0x00000000        0xc ./vihal/core/src/clockcnt.o
 .group         0x00000000        0xc ./vihal/core/src/clockcnt.o
 .group         0x00000000        0xc ./vihal/core/src/clockcnt.o
 .group         0x00000000        0xc ./vihal/core/src/clockcnt.o
 .group         0x00000000        0xc ./vihal/core/src/clockcnt.o
 .group         0x00000000        0xc ./vihal/core/src/clockcnt.o
 .group         0x00000000        0xc ./vihal/core/src/clockcnt.o
 .text          0x00000000        0x0 ./vihal/core/src/clockcnt.o
 .data          0x00000000        0x0 ./vihal/core/src/clockcnt.o
 .bss           0x00000000        0x0 ./vihal/core/src/clockcnt.o
[...]
Memory Configuration

Name             Origin             Length             Attributes
FLASH            0x08000000         0x00080000         xr
RAM              0x20000008         0x0002fff8         xrw
RAM_SHARED       0x20030000         0x00002800         xrw
*default*        0x00000000         0xffffffff

Linker script and memory map

LOAD ./vihal/core/src/clockcnt.o
LOAD ./vihal/core/src/cppinit.o
LOAD ./vihal/core/src/generic_defs.o
LOAD ./vihal/core/src/hwadc.o
LOAD ./vihal/core/src/hwcan.o
LOAD ./vihal/core/src/hwdma.o
LOAD ./vihal/core/src/hweth.o
LOAD ./vihal/core/src/hwextirq.o
LOAD ./vihal/core/src/hwi2c.o
LOAD ./vihal/core/src/hwi2cslave.o
LOAD ./vihal/core/src/hwintflash.o
LOAD ./vihal/core/src/hwlcdctrl.o
LOAD ./vihal/core/src/hwpins.o
LOAD ./vihal/core/src/hwpwm.o
LOAD ./vihal/core/src/hwqspi.o
LOAD ./vihal/core/src/hwrtc.o
LOAD ./vihal/core/src/hwsdcard.o
LOAD ./vihal/core/src/hwsdram.o
LOAD ./vihal/core/src/hwspi.o
LOAD ./vihal/core/src/hwuart.o
LOAD ./vihal/core/src/hwusbctrl.o
LOAD ./vihal/core/src/mp_printf.o
LOAD ./vihal/core/src/system.o
LOAD ./vihal/armm/core/clockcnt.o
LOAD ./vihal/armm/core/swo.o
LOAD ./vihal/armm/core/vectors.o
LOAD ./vihal/armm/STM32/src/clockcnt_stm32.o
LOAD ./vihal/armm/STM32/src/hwadc_stm32.o
LOAD ./vihal/armm/STM32/src/hwcan_stm32.o
LOAD ./vihal/armm/STM32/src/hwcan_stm32_fd.o
LOAD ./vihal/armm/STM32/src/hwclk_stm32.o
LOAD ./vihal/armm/STM32/src/hwdma_stm32.o
LOAD ./vihal/armm/STM32/src/hwdma_stm32_mxb.o
LOAD ./vihal/armm/STM32/src/hweth_stm32.o
LOAD ./vihal/armm/STM32/src/hwextirq_stm32.o
LOAD ./vihal/armm/STM32/src/hwi2c_v1_stm32.o
LOAD ./vihal/armm/STM32/src/hwi2c_v2_stm32.o
LOAD ./vihal/armm/STM32/src/hwi2cslave_stm32_v1.o
LOAD ./vihal/armm/STM32/src/hwi2cslave_stm32_v2.o
LOAD ./vihal/armm/STM32/src/hwintflash_stm32.o
LOAD ./vihal/armm/STM32/src/hwlcdctrl_stm32.o
LOAD ./vihal/armm/STM32/src/hwpins_stm32.o
LOAD ./vihal/armm/STM32/src/hwpwm_stm32.o
LOAD ./vihal/armm/STM32/src/hwqspi_stm32.o
LOAD ./vihal/armm/STM32/src/hwrtc_stm32.o
LOAD ./vihal/armm/STM32/src/hwsdram_stm32.o
LOAD ./vihal/armm/STM32/src/hwspi_stm32.o
LOAD ./vihal/armm/STM32/src/hwuart_stm32.o
LOAD ./vihal/armm/STM32/src/hwusbctrl_stm32.o
LOAD ./vihal/armm/STM32/src/hwusbctrl_stm32_otg.o
LOAD ./vihal/armm/STM32/src/stm32_utils.o
LOAD ./src/board_pins.o
LOAD ./src/lpm.o
LOAD ./src/main.o
LOAD ./src/startup_armm.o
LOAD ./src/ts.o
LOAD d:/programme/gcc-arm-none-eabi-10.3-2021.10/bin/../lib/gcc/arm-none-eabi/10.3.1/../../../../arm-none-eabi/lib/thumb/v7-m/nofp\libstdc++_nano.a
LOAD d:/programme/gcc-arm-none-eabi-10.3-2021.10/bin/../lib/gcc/arm-none-eabi/10.3.1/../../../../arm-none-eabi/lib/thumb/v7-m/nofp\libm.a
START GROUP
LOAD d:/programme/gcc-arm-none-eabi-10.3-2021.10/bin/../lib/gcc/arm-none-eabi/10.3.1/thumb/v7-m/nofp\libgcc.a
LOAD d:/programme/gcc-arm-none-eabi-10.3-2021.10/bin/../lib/gcc/arm-none-eabi/10.3.1/../../../../arm-none-eabi/lib/thumb/v7-m/nofp\libg_nano.a
LOAD d:/programme/gcc-arm-none-eabi-10.3-2021.10/bin/../lib/gcc/arm-none-eabi/10.3.1/../../../../arm-none-eabi/lib/thumb/v7-m/nofp\libc_nano.a
END GROUP
START GROUP
LOAD d:/programme/gcc-arm-none-eabi-10.3-2021.10/bin/../lib/gcc/arm-none-eabi/10.3.1/thumb/v7-m/nofp\libgcc.a
LOAD d:/programme/gcc-arm-none-eabi-10.3-2021.10/bin/../lib/gcc/arm-none-eabi/10.3.1/../../../../arm-none-eabi/lib/thumb/v7-m/nofp\libc_nano.a
END GROUP
                0x20030000                __stack = (ORIGIN (RAM) + LENGTH (RAM))
                0x00000400                __Main_Stack_Size = 0x400
                [!provide]                PROVIDE (_Main_Stack_Size = __Main_Stack_Size)
                0x2002fc00                __Main_Stack_Limit = (__stack - __Main_Stack_Size)
                [!provide]                PROVIDE (_Main_Stack_Limit = __Main_Stack_Limit)
                0x00000100                _Minimum_Stack_Size = 0x100
                [!provide]                PROVIDE (_Heap_Begin = _end_noinit)
                0x2002fc00                PROVIDE (_Heap_Limit = (__stack - __Main_Stack_Size))

.isr_vector     0x08000000      0x240
 FILL mask 0xff
                0x08000000                __vectors_start = ABSOLUTE (.)
 *(.isr_vector)
 .isr_vector    0x08000000      0x240 ./vihal/armm/core/vectors.o
                0x08000000                __isr_vectors
                0x08000240                __vectors_end = ABSOLUTE (.)

.resetentry     0x08000240       0xc8
 *(.resetentry)
 *(.startup)
 .startup       0x08000240       0xa4 ./vihal/core/src/cppinit.o
                0x08000240                memory_region_setup()
                0x08000294                __run_init_array()
                0x080002dc                cppinit()
 .startup       0x080002e4       0x24 ./src/startup_armm.o
                0x080002e4                soft_entry
                0x080002f4                cold_entry

.inits          0x08000308       0x74
                0x08000308                __data_regions_array_start = .
                0x08000308        0x4 LONG 0x8001ac4 LOADADDR (.data)
                0x0800030c        0x4 LONG 0x20000008 ADDR (.data)
                0x08000310        0x4 LONG 0x20000008 (ADDR (.data) + SIZEOF (.data))
                0x08000314        0x4 LONG 0x8001ac4 LOADADDR (.data_DTCRAM)
                0x08000318        0x4 LONG 0x20000008 ADDR (.data_DTCRAM)
                0x0800031c        0x4 LONG 0x20000008 (ADDR (.data_DTCRAM) + SIZEOF (.data_DTCRAM))
                0x08000320        0x4 LONG 0x8001ac4 LOADADDR (.data_ITCRAM)
                0x08000324        0x4 LONG 0x20000008 ADDR (.data_ITCRAM)
                0x08000328        0x4 LONG 0x20000008 (ADDR (.data_ITCRAM) + SIZEOF (.data_ITCRAM))
                0x0800032c        0x4 LONG 0x8001ac4 LOADADDR (.data_RAM2)
                0x08000330        0x4 LONG 0x20000008 ADDR (.data_RAM2)
                0x08000334        0x4 LONG 0x20000008 (ADDR (.data_RAM2) + SIZEOF (.data_RAM2))
                0x08000338        0x4 LONG 0x800037c LOADADDR (.text_ITCRAM)
                0x0800033c        0x4 LONG 0x20000008 ADDR (.text_ITCRAM)
                0x08000340        0x4 LONG 0x20000008 (ADDR (.text_ITCRAM) + SIZEOF (.text_ITCRAM))
                0x08000344        0x4 LONG 0x800037c LOADADDR (.text_DTCRAM)
                0x08000348        0x4 LONG 0x20000008 ADDR (.text_DTCRAM)
                0x0800034c        0x4 LONG 0x20000008 (ADDR (.text_DTCRAM) + SIZEOF (.text_DTCRAM))
                0x08000350        0x4 LONG 0x800037c LOADADDR (.text_RAM2)
                0x08000354        0x4 LONG 0x20000008 ADDR (.text_RAM2)
                0x08000358        0x4 LONG 0x20000008 (ADDR (.text_RAM2) + SIZEOF (.text_RAM2))
                0x0800035c                __data_regions_array_end = .
                0x0800035c                __bss_regions_array_start = .
                0x0800035c        0x4 LONG 0x20000008 ADDR (.bss)
                0x08000360        0x4 LONG 0x200000a8 (ADDR (.bss) + SIZEOF (.bss))
                0x08000364        0x4 LONG 0x20000008 ADDR (.bss_DTCRAM)
                0x08000368        0x4 LONG 0x20000008 (ADDR (.bss_DTCRAM) + SIZEOF (.bss_DTCRAM))
                0x0800036c        0x4 LONG 0x20000008 ADDR (.bss_ITCRAM)
                0x08000370        0x4 LONG 0x20000008 (ADDR (.bss_ITCRAM) + SIZEOF (.bss_ITCRAM))
                0x08000374        0x4 LONG 0x20000008 ADDR (.bss_RAM2)
                0x08000378        0x4 LONG 0x20000008 (ADDR (.bss_RAM2) + SIZEOF (.bss_RAM2))
                0x0800037c                __bss_regions_array_end = .

.text_ITCRAM    0x20000008        0x0 load address 0x0800037c
 *(.text_ITCRAM)

.text_DTCRAM    0x20000008        0x0 load address 0x0800037c
 *(.text_DTCRAM)

.text_RAM2      0x20000008        0x0 load address 0x0800037c
 *(.text_RAM2)

.text           0x0800037c     0x166c
 *(.init)
 *(.fini)
                0x0800037c                . = ALIGN (0x4)
                0x0800037c                PROVIDE (__preinit_array_start = .)
 *(.preinit_array_sysinit .preinit_array_sysinit.*)
 *(.preinit_array_platform .preinit_array_platform.*)
 *(.preinit_array .preinit_array.*)
                0x0800037c                PROVIDE (__preinit_array_end = .)
                0x0800037c                . = ALIGN (0x4)
                0x0800037c                PROVIDE (__init_array_start = .)
 *(SORT_BY_NAME(.init_array.*))
 *(.init_array)
 .init_array    0x0800037c        0x4 ./vihal/core/src/hwintflash.o
 .init_array    0x08000380        0x4 ./src/board_pins.o
                0x08000384                PROVIDE (__init_array_end = .)
                0x08000384                . = ALIGN (0x4)
                [!provide]                PROVIDE (__fini_array_start = .)
 *(SORT_BY_NAME(.fini_array.*))
 *(.fini_array)
                [!provide]                PROVIDE (__fini_array_end = .)
 *(.rela.iplt)
 *(.rela.plt)
 *(.text .text.*)
 .text._Z41__static_initialization_and_destruction_0ii
                0x08000384       0x3c ./vihal/core/src/hwintflash.o
 .text._GLOBAL__sub_I_hwintflash
                0x080003c0        0xe ./vihal/core/src/hwintflash.o
 .text._ZN7THwUart9printf_vaEPKcSt9__va_list
                0x080003ce       0x36 ./vihal/core/src/hwuart.o
                0x080003ce                THwUart::printf_va(char const*, std::__va_list)
 .text._ZN7THwUart6printfEPKcz
                0x08000404       0x1c ./vihal/core/src/hwuart.o
                0x08000404                THwUart::printf(char const*, ...)
 .text._ZL11_out_buffercPvjj
                0x08000420        0x8 ./vihal/core/src/mp_printf.o
 .text._ZL9_out_nullcPvjj
                0x08000428        0x2 ./vihal/core/src/mp_printf.o
 .text._ZL5_atoiPPKc
                0x0800042a       0x28 ./vihal/core/src/mp_printf.o
 .text._ZL8_out_revPFvcPvjjEPcjjPKcjjj
                0x08000452       0x7e ./vihal/core/src/mp_printf.o
 .text._ZL12_ntoa_formatPFvcPvjjEPcjjS2_jbjjjj
                0x080004d0      0x138 ./vihal/core/src/mp_printf.o
 .text._ZL10_ntoa_longPFvcPvjjEPcjjmbmjjj
                0x08000608       0x98 ./vihal/core/src/mp_printf.o
 .text._ZL10_vsnprintfPFvcPvjjEPcjPKcSt9__va_list
                0x080006a0      0x570 ./vihal/core/src/mp_printf.o
 .text.mp_vsnprintf
                0x08000c10       0x1c ./vihal/core/src/mp_printf.o
                0x08000c10                mp_vsnprintf
 .text._Z13clockcnt_initv
                0x08000c2c       0x20 ./vihal/armm/core/clockcnt.o
                0x08000c2c                clockcnt_init()
 .text._ZL12is_divisiblejj
                0x08000c4c       0x12 ./vihal/armm/STM32/src/hwclk_stm32.o
 .text._Z19hwclk_start_ext_oscj
                0x08000c5e       0x1a ./vihal/armm/STM32/src/hwclk_stm32.o
                0x08000c5e                hwclk_start_ext_osc(unsigned int)
 .text._Z21hwclk_prepare_hispeedj
                0x08000c78       0x58 ./vihal/armm/STM32/src/hwclk_stm32.o
                0x08000c78                hwclk_prepare_hispeed(unsigned int)
 .text._Z10hwclk_initjj
                0x08000cd0      0x1a0 ./vihal/armm/STM32/src/hwclk_stm32.o
                0x08000cd0                hwclk_init(unsigned int, unsigned int)
 .text._Z12hwlsclk_initb
                0x08000e70       0xbc ./vihal/armm/STM32/src/hwclk_stm32.o
                0x08000e70                hwlsclk_init(bool)
 .text._ZN16THwPinCtrl_stm3211GetGpioRegsEi
                0x08000f2c       0x10 ./vihal/armm/STM32/src/hwpins_stm32.o
                0x08000f2c                THwPinCtrl_stm32::GetGpioRegs(int)
 .text._ZN16THwPinCtrl_stm3214GpioPortEnableEi
                0x08000f3c       0x1a ./vihal/armm/STM32/src/hwpins_stm32.o
                0x08000f3c                THwPinCtrl_stm32::GpioPortEnable(int)
 .text._ZN16THwPinCtrl_stm328PinSetupEiij
                0x08000f56      0x146 ./vihal/armm/STM32/src/hwpins_stm32.o
                0x08000f56                THwPinCtrl_stm32::PinSetup(int, int, unsigned int)
 .text._ZN12THwRtc_stm324initEv
                0x0800109c       0xd0 ./vihal/armm/STM32/src/hwrtc_stm32.o
                0x0800109c                THwRtc_stm32::init()
 .text._ZN12THwRtc_stm3214setWakeupTimerEt
                0x0800116c       0x5c ./vihal/armm/STM32/src/hwrtc_stm32.o
                0x0800116c                THwRtc_stm32::setWakeupTimer(unsigned short)
 .text._ZN12THwRtc_stm3215enableWakeupIRQEv
                0x080011c8       0x58 ./vihal/armm/STM32/src/hwrtc_stm32.o
                0x080011c8                THwRtc_stm32::enableWakeupIRQ()
 .text._ZN12THwRtc_stm3214clearWakeupIRQEv
                0x08001220       0x24 ./vihal/armm/STM32/src/hwrtc_stm32.o
                0x08001220                THwRtc_stm32::clearWakeupIRQ()
 .text._ZN12THwRtc_stm3210convTr2IntERmRhS1_S1_
                0x08001244       0x40 ./vihal/armm/STM32/src/hwrtc_stm32.o
                0x08001244                THwRtc_stm32::convTr2Int(unsigned long&, unsigned char&, unsigned char&, unsigned char&)
 .text._ZN12THwRtc_stm3210convDr2IntERmRhS1_S1_
                0x08001284       0x40 ./vihal/armm/STM32/src/hwrtc_stm32.o
                0x08001284                THwRtc_stm32::convDr2Int(unsigned long&, unsigned char&, unsigned char&, unsigned char&)
 .text._ZN12THwRtc_stm327setTimeEN10THwRtc_pre6time_tERS1_
                0x080012c4      0x170 ./vihal/armm/STM32/src/hwrtc_stm32.o
                0x080012c4                THwRtc_stm32::setTime(THwRtc_pre::time_t, THwRtc_pre::time_t&)
 .text._ZN12THwRtc_stm327getTimeERN10THwRtc_pre6time_tE
                0x08001434       0x7c ./vihal/armm/STM32/src/hwrtc_stm32.o
                0x08001434                THwRtc_stm32::getTime(THwRtc_pre::time_t&)
 .text._ZN13THwUart_stm3211setBaudRateEi
                0x080014b0       0x5e ./vihal/armm/STM32/src/hwuart_stm32.o
                0x080014b0                THwUart_stm32::setBaudRate(int)
 *fill*         0x0800150e        0x2 
 .text._ZN13THwUart_stm324InitEi
                0x08001510      0x11c ./vihal/armm/STM32/src/hwuart_stm32.o
                0x08001510                THwUart_stm32::Init(int)
 .text._ZN13THwUart_stm3211TrySendCharEc
                0x0800162c       0x1c ./vihal/armm/STM32/src/hwuart_stm32.o
                0x0800162c                THwUart_stm32::TrySendChar(char)
 .text._Z15stm32_bus_speedh
                0x08001648        0xc ./vihal/armm/STM32/src/stm32_utils.o
                0x08001648                stm32_bus_speed(unsigned char)
 .text._Z41__static_initialization_and_destruction_0ii
                0x08001654       0x3c ./src/board_pins.o
 .text._Z15board_pins_initv
                0x08001690       0x34 ./src/board_pins.o
                0x08001690                board_pins_init()
 .text._GLOBAL__sub_I_conuart
                0x080016c4        0xe ./src/board_pins.o
 *fill*         0x080016d2        0x2 
 .text._start   0x080016d4      0x120 ./src/main.o
                0x080016d4                _start
 .text.IRQ_Handler_03
                0x080017f4      0x108 ./src/main.o
                0x080017f4                IRQ_Handler_03
 *(.text.unlikely .text.*_unlikely .text.unlikely.*)
 *(.text.exit .text.exit.*)
 *(.text.startup .text.startup.*)
 *(.text.hot .text.hot.*)
 *(SORT_BY_NAME(.text.sorted.*))
 *(.stub)
 *(.gnu.warning)
 *(.srodata .srodata.*)
 *(.rodata .rodata.* .constdata .constdata.* .gnu.linkonce.r.*)
 .rodata._start.str1.4
                0x080018fc       0xae ./src/main.o
 *fill*         0x080019aa        0x2 
 .rodata.IRQ_Handler_03.str1.4
                0x080019ac       0x3a ./src/main.o
 *(.ARM.extab* .gnu.linkonce.armextab.*)
 *(vtable)
 *(.eh_frame*)
 *(.gnu.linkonce.t.*)
 *(.glue_7)
 .glue_7        0x080019e6        0x0 linker stubs
 *(.glue_7t)
 .glue_7t       0x080019e6        0x0 linker stubs
 *(.gcc_except_table)
                0x080019e8                . = ALIGN (0x4)
 *fill*         0x080019e6        0x2 
 *crtbegin.o(.ctors)
 *(EXCLUDE_FILE(*crtend.o) .ctors)
 *(SORT_BY_NAME(.ctors.*))
 *crtend.o(.ctors)
                [!provide]                PROVIDE (__exidx_start = .)

.vfp11_veneer   0x080019e8        0x0
 .vfp11_veneer  0x080019e8        0x0 linker stubs

.v4_bx          0x080019e8        0x0
 .v4_bx         0x080019e8        0x0 linker stubs

.iplt           0x080019e8        0x0
 .iplt          0x080019e8        0x0 ./vihal/core/src/cppinit.o

.after_vectors  0x080019e8       0xdc
 .after_vectors
                0x080019e8       0xdc ./vihal/armm/core/vectors.o
                0x080019e8                IRQ_Handler_112
                0x080019e8                IRQ_Handler_180
                0x080019e8                IRQ_Handler_134
                0x080019e8                IRQ_Handler_61
                0x080019e8                IRQ_Handler_165
                0x080019e8                IRQ_Handler_36
                0x080019e8                IRQ_Handler_160
                0x080019e8                IRQ_Handler_185
                0x080019e8                IRQ_Handler_67
                0x080019e8                IRQ_Handler_129
                0x080019e8                IRQ_Handler_198
                0x080019e8                IRQ_Handler_190
                0x080019e8                IRQ_Handler_13
                0x080019e8                IRQ_Handler_50
                0x080019e8                IRQ_Handler_173
                0x080019e8                IRQ_Handler_126
                0x080019e8                IRQ_Handler_130
                0x080019e8                IRQ_Handler_28
                0x080019e8                IRQ_Handler_31
                0x080019e8                IRQ_Handler_04
                0x080019e8                IRQ_Handler_179
                0x080019e8                IRQ_Handler_71
                0x080019e8                IRQ_Handler_11
                0x080019e8                IRQ_Handler_54
                0x080019e8                IRQ_Handler_38
                0x080019e8                IRQ_Handler_21
                0x080019e8                IRQ_Handler_89
                0x080019e8                IRQ_Handler_105
                0x080019e8                IRQ_Handler_140
                0x080019e8                IRQ_Handler_148
                0x080019e8                IRQ_Handler_136
                0x080019e8                IRQ_Handler_177
                0x080019e8                IRQ_Handler_64
                0x080019e8                IRQ_Handler_69
                0x080019e8                IRQ_Handler_146
                0x080019e8                IRQ_Handler_162
                0x080019e8                IRQ_Handler_135
                0x080019e8                IRQ_Handler_169
                0x080019e8                IRQ_Handler_95
                0x080019e8                IRQ_Handler_43
                0x080019e8                IRQ_Handler_93
                0x080019e8                IRQ_Handler_147
                0x080019e8                IRQ_Handler_34
                0x080019e8                IRQ_Handler_163
                0x080019e8                IRQ_Handler_150
                0x080019e8                IRQ_Handler_113
                0x080019e8                IRQ_Handler_08
                0x080019e8                IRQ_Handler_14
                0x080019e8                IRQ_Handler_85
                0x080019e8                IRQ_Handler_170
                0x080019e8                IRQ_Handler_176
                0x080019e8                IRQ_Handler_51
                0x080019e8                IRQ_Handler_63
                0x080019e8                IRQ_Handler_109
                0x080019e8                IRQ_Handler_144
                0x080019e8                IRQ_Handler_81
                0x080019e8                IRQ_Handler_195
                0x080019e8                IRQ_Handler_166
                0x080019e8                IRQ_Handler_58
                0x080019e8                IRQ_Handler_120
                0x080019e8                IRQ_Handler_183
                0x080019e8                IRQ_Handler_191
                0x080019e8                IRQ_Handler_88
                0x080019e8                IRQ_Handler_90
                0x080019e8                IRQ_Handler_56
                0x080019e8                IRQ_Handler_138
                0x080019e8                IRQ_Handler_199
                0x080019e8                IRQ_Handler_102
                0x080019e8                IRQ_Handler_24
                0x080019e8                IRQ_Handler_97
                0x080019e8                IRQ_Handler_17
                0x080019e8                IRQ_Handler_128
                0x080019e8                IRQ_Handler_46
                0x080019e8                IRQ_Handler_153
                0x080019e8                IRQ_Handler_184
                0x080019e8                IRQ_Handler_116
                0x080019e8                IRQ_Handler_53
                0x080019e8                IRQ_Handler_76
                0x080019e8                IRQ_Handler_70
                0x080019e8                IRQ_Handler_80
                0x080019e8                IRQ_Handler_110
                0x080019e8                IRQ_Handler_108
                0x080019e8                IRQ_Handler_143
                0x080019e8                IRQ_Handler_12
                0x080019e8                IRQ_Handler_83
                0x080019e8                IRQ_Handler_192
                0x080019e8                IRQ_Handler_132
                0x080019e8                IRQ_Handler_30
                0x080019e8                IRQ_Handler_37
                0x080019e8                IRQ_Handler_106
                0x080019e8                IRQ_Handler_141
                0x080019e8                IRQ_Handler_103
                0x080019e8                IRQ_Handler_45
                0x080019e8                IRQ_Handler_188
                0x080019e8                IRQ_Handler_25
                0x080019e8                IRQ_Handler_196
                0x080019e8                IRQ_Handler_119
                0x080019e8                IRQ_Handler_68
                0x080019e8                IRQ_Handler_78
                0x080019e8                IRQ_Handler_156
                0x080019e8                IRQ_Handler_48
                0x080019e8                IRQ_Handler_164
                0x080019e8                IRQ_Handler_98
                0x080019e8                IRQ_Handler_39
                0x080019e8                IRQ_Handler_02
                0x080019e8                IRQ_Handler_137
                0x080019e8                IRQ_Handler_22
                0x080019e8                IRQ_Handler_65
                0x080019e8                Default_Handler
                0x080019e8                IRQ_Handler_32
                0x080019e8                IRQ_Handler_05
                0x080019e8                IRQ_Handler_133
                0x080019e8                IRQ_Handler_07
                0x080019e8                IRQ_Handler_62
                0x080019e8                IRQ_Handler_178
                0x080019e8                IRQ_Handler_125
                0x080019e8                IRQ_Handler_15
                0x080019e8                IRQ_Handler_52
                0x080019e8                IRQ_Handler_123
                0x080019e8                IRQ_Handler_104
                0x080019e8                IRQ_Handler_82
                0x080019e8                IRQ_Handler_174
                0x080019e8                IRQ_Handler_19
                0x080019e8                IRQ_Handler_23
                0x080019e8                IRQ_Handler_194
                0x080019e8                IRQ_Handler_96
                0x080019e8                IRQ_Handler_189
                0x080019e8                IRQ_Handler_66
                0x080019e8                IRQ_Handler_73
                0x080019e8                IRQ_Handler_79
                0x080019e8                IRQ_Handler_41
                0x080019e8                IRQ_Handler_40
                0x080019e8                IRQ_Handler_60
                0x080019e8                IRQ_Handler_181
                0x080019e8                IRQ_Handler_118
                0x080019e8                IRQ_Handler_186
                0x080019e8                IRQ_Handler_155
                0x080019e8                IRQ_Handler_20
                0x080019e8                IRQ_Handler_75
                0x080019e8                IRQ_Handler_175
                0x080019e8                IRQ_Handler_149
                0x080019e8                IRQ_Handler_00
                0x080019e8                IRQ_Handler_127
                0x080019e8                IRQ_Handler_47
                0x080019e8                IRQ_Handler_27
                0x080019e8                IRQ_Handler_59
                0x080019e8                IRQ_Handler_151
                0x080019e8                IRQ_Handler_114
                0x080019e8                IRQ_Handler_168
                0x080019e8                IRQ_Handler_10
                0x080019e8                IRQ_Handler_159
                0x080019e8                IRQ_Handler_29
                0x080019e8                IRQ_Handler_157
                0x080019e8                IRQ_Handler_124
                0x080019e8                IRQ_Handler_171
                0x080019e8                IRQ_Handler_72
                0x080019e8                IRQ_Handler_44
                0x080019e8                IRQ_Handler_84
                0x080019e8                IRQ_Handler_77
                0x080019e8                IRQ_Handler_158
                0x080019e8                IRQ_Handler_172
                0x080019e8                IRQ_Handler_94
                0x080019e8                IRQ_Handler_121
                0x080019e8                IRQ_Handler_161
                0x080019e8                IRQ_Handler_117
                0x080019e8                IRQ_Handler_167
                0x080019e8                IRQ_Handler_154
                0x080019e8                IRQ_Handler_01
                0x080019e8                IRQ_Handler_26
                0x080019e8                IRQ_Handler_42
                0x080019e8                IRQ_Handler_92
                0x080019e8                IRQ_Handler_152
                0x080019e8                IRQ_Handler_115
                0x080019e8                IRQ_Handler_49
                0x080019e8                IRQ_Handler_131
                0x080019e8                IRQ_Handler_197
                0x080019e8                IRQ_Handler_187
                0x080019e8                IRQ_Handler_99
                0x080019e8                IRQ_Handler_182
                0x080019e8                IRQ_Handler_145
                0x080019e8                IRQ_Handler_100
                0x080019e8                IRQ_Handler_35
                0x080019e8                IRQ_Handler_09
                0x080019e8                IRQ_Handler_57
                0x080019e8                IRQ_Handler_111
                0x080019e8                IRQ_Handler_86
                0x080019e8                IRQ_Handler_87
                0x080019e8                IRQ_Handler_33
                0x080019e8                IRQ_Handler_55
                0x080019e8                IRQ_Handler_107
                0x080019e8                IRQ_Handler_142
                0x080019e8                IRQ_Handler_06
                0x080019e8                IRQ_Handler_139
                0x080019e8                IRQ_Handler_193
                0x080019e8                IRQ_Handler_18
                0x080019e8                IRQ_Handler_16
                0x080019e8                IRQ_Handler_91
                0x080019e8                IRQ_Handler_122
                0x080019e8                IRQ_Handler_101
                0x080019e8                IRQ_Handler_74
                0x08001a00                NMI_Handler
                0x08001a18                HardFault_Handler
                0x08001a30                BusFault_Handler
                0x08001a48                UsageFault_Handler
                0x08001a60                SVC_Handler
                0x08001a78                PendSV_Handler
                0x08001a90                MemManage_Handler
                0x08001aa8                DebugMon_Handler
                0x08001ac0                SysTick_Handler

.rel.dyn        0x08001ac4        0x0
 .rel.iplt      0x08001ac4        0x0 ./vihal/core/src/cppinit.o

.ARM.exidx
 *(.ARM.exidx* .gnu.linkonce.armexidx.*)
                0x08001ac4                . = ALIGN (0x4)
                0x08001ac4                _etext = .
                0x08001ac4                __etext = .

.data_DTCRAM    0x20000008        0x0 load address 0x08001ac4
 *(.data_DTCRAM)

.data_ITCRAM    0x20000008        0x0 load address 0x08001ac4
 *(.data_ITCRAM)

.data_RAM2      0x20000008        0x0 load address 0x08001ac4
 *(.data_RAM2)

.data           0x20000008        0x0 load address 0x08001ac4
 *(.data_begin .data_begin.*)
 *(.data .data.* .gnu.linkonce.d.*)
 *(.data_end .data_end.*)
 *(.sdata2 .sdata2.* .gnu.linkonce.s2.*)
 *(.srodata.cst16)
 *(.srodata.cst8)
 *(.srodata.cst4)
 *(.srodata.cst2)
 *(.srodata .srodata.*)
 *(.sdata .sdata.* .gnu.linkonce.s.*)
 *(.tdata .tdata.* .gnu.linkonce.td.*)
                0x20000008                . = ALIGN (0x4)
                0x08001ac4                __app_image_end = (LOADADDR (.data) + SIZEOF (.data))
                0x20000808                __global_pointer$ = (ADDR (.data) + 0x800)

.igot.plt       0x20000008        0x0 load address 0x08001ac4
 .igot.plt      0x20000008        0x0 ./vihal/core/src/cppinit.o

.bss_DTCRAM     0x20000008        0x0 load address 0x08001ac4
 *(.bss_DTCRAM)

.bss_ITCRAM     0x20000008        0x0 load address 0x08001ac4
 *(.bss_ITCRAM)

.bss_RAM2       0x20000008        0x0 load address 0x08001ac4
 *(.bss_RAM2)

.bss            0x20000008       0xa0 load address 0x08001ac4
 *(.bss_begin .bss_begin.*)
 *(.bss .bss.*)
 .bss.hwintflash
                0x20000008       0x5c ./vihal/core/src/hwintflash.o
                0x20000008                hwintflash
 .bss.hwpinctrl
                0x20000064        0x1 ./vihal/core/src/hwpins.o
                0x20000064                hwpinctrl
 *fill*         0x20000065        0x3 
 .bss.conuart   0x20000068       0x28 ./src/board_pins.o
                0x20000068                conuart
 .bss.gRtc      0x20000090       0x14 ./src/main.o
                0x20000090                gRtc
 .bss.hbcounter
                0x200000a4        0x4 ./src/main.o
                0x200000a4                hbcounter
 *(.gnu.linkonce.b.*)
 *(COMMON)
 *(.bss_end .bss_end.*)
 *(.dynsbss)
 *(.sbss .sbss.* .gnu.linkonce.sb.*)
 *(.scommon)
 *(.dynbss)

.noinit_DTCRAM
 *(.noinit_DTCRAM)

.noinit_ITCRAM
 *(.noinit_ITCRAM)

.noinit_RAM2
 *(.noinit_RAM2)

.noinit         0x200000a8        0x4 load address 0x08001ac4
                0x200000a8                _noinit = .
 *(.noinit .noinit.*)
 .noinit        0x200000a8        0x4 ./vihal/core/src/generic_defs.o
                0x200000a8                SystemCoreClock
                0x200000ac                . = ALIGN (0x4)
                0x200000ac                _end_noinit = .
                [!provide]                PROVIDE (end = _end_noinit)
                [!provide]                PROVIDE (_end = _end_noinit)
                0x200000ac                PROVIDE (__end = _end_noinit)
                [!provide]                PROVIDE (__end__ = _end_noinit)

._check_stack   0x200000ac      0x100 load address 0x08001ac4
                0x200001ac                . = (. + _Minimum_Stack_Size)
 *fill*         0x200000ac      0x100 

DISCARD
 libc.a(*)
 libm.a(*)
 libgcc.a(*)

.stab
 *(.stab)

.stabstr
 *(.stabstr)

.stab.excl
 *(.stab.excl)

.stab.exclstr
 *(.stab.exclstr)

.stab.index
 *(.stab.index)

.stab.indexstr
 *(.stab.indexstr)

.comment        0x00000000       0x49
 *(.comment)
 .comment       0x00000000       0x49 ./vihal/core/src/cppinit.o
                                 0x4a (size before relaxing)
 .comment       0x00000049       0x4a ./vihal/core/src/generic_defs.o
 .comment       0x00000049       0x4a ./vihal/core/src/hwintflash.o
 .comment       0x00000049       0x4a ./vihal/core/src/hwpins.o
 .comment       0x00000049       0x4a ./vihal/core/src/hwuart.o
 .comment       0x00000049       0x4a ./vihal/core/src/mp_printf.o
 .comment       0x00000049       0x4a ./vihal/armm/core/clockcnt.o
 .comment       0x00000049       0x4a ./vihal/armm/core/vectors.o
 .comment       0x00000049       0x4a ./vihal/armm/STM32/src/hwclk_stm32.o
 .comment       0x00000049       0x4a ./vihal/armm/STM32/src/hwpins_stm32.o
 .comment       0x00000049       0x4a ./vihal/armm/STM32/src/hwrtc_stm32.o
 .comment       0x00000049       0x4a ./vihal/armm/STM32/src/hwuart_stm32.o
 .comment       0x00000049       0x4a ./vihal/armm/STM32/src/stm32_utils.o
 .comment       0x00000049       0x4a ./src/board_pins.o
 .comment       0x00000049       0x4a ./src/main.o
 .comment       0x00000049       0x4a ./src/startup_armm.o

.ARM.attributes
                0x00000000       0x2d
 .ARM.attributes
                0x00000000       0x2d ./vihal/core/src/cppinit.o
 .ARM.attributes
                0x0000002d       0x2d ./vihal/core/src/generic_defs.o
 .ARM.attributes
                0x0000005a       0x2d ./vihal/core/src/hwintflash.o
 .ARM.attributes
                0x00000087       0x2d ./vihal/core/src/hwpins.o
 .ARM.attributes
                0x000000b4       0x2d ./vihal/core/src/hwuart.o
 .ARM.attributes
                0x000000e1       0x2d ./vihal/core/src/mp_printf.o
 .ARM.attributes
                0x0000010e       0x2d ./vihal/armm/core/clockcnt.o
 .ARM.attributes
                0x0000013b       0x2d ./vihal/armm/core/vectors.o
 .ARM.attributes
                0x00000168       0x2d ./vihal/armm/STM32/src/hwclk_stm32.o
 .ARM.attributes
                0x00000195       0x2d ./vihal/armm/STM32/src/hwpins_stm32.o
 .ARM.attributes
                0x000001c2       0x2d ./vihal/armm/STM32/src/hwrtc_stm32.o
 .ARM.attributes
                0x000001ef       0x2d ./vihal/armm/STM32/src/hwuart_stm32.o
 .ARM.attributes
                0x0000021c       0x2d ./vihal/armm/STM32/src/stm32_utils.o
 .ARM.attributes
                0x00000249       0x2d ./src/board_pins.o
 .ARM.attributes
                0x00000276       0x2d ./src/main.o
 .ARM.attributes
                0x000002a3       0x2d ./src/startup_armm.o

.debug
 *(.debug)

.line
 *(.line)

.debug_srcinfo
 *(.debug_srcinfo)

.debug_sfnames
 *(.debug_sfnames)

.debug_aranges  0x00000000      0x428
 *(.debug_aranges)
 .debug_aranges
                0x00000000       0x30 ./vihal/core/src/cppinit.o
 .debug_aranges
                0x00000030       0x18 ./vihal/core/src/generic_defs.o
 .debug_aranges
                0x00000048       0x58 ./vihal/core/src/hwintflash.o
 .debug_aranges
                0x000000a0       0x40 ./vihal/core/src/hwpins.o
 .debug_aranges
                0x000000e0       0x38 ./vihal/core/src/hwuart.o
 .debug_aranges
                0x00000118       0x70 ./vihal/core/src/mp_printf.o
 .debug_aranges
                0x00000188       0x20 ./vihal/armm/core/clockcnt.o
 .debug_aranges
                0x000001a8       0x68 ./vihal/armm/core/vectors.o
 .debug_aranges
                0x00000210       0x40 ./vihal/armm/STM32/src/hwclk_stm32.o
 .debug_aranges
                0x00000250       0x68 ./vihal/armm/STM32/src/hwpins_stm32.o
 .debug_aranges
                0x000002b8       0x68 ./vihal/armm/STM32/src/hwrtc_stm32.o
 .debug_aranges
                0x00000320       0x60 ./vihal/armm/STM32/src/hwuart_stm32.o
 .debug_aranges
                0x00000380       0x28 ./vihal/armm/STM32/src/stm32_utils.o
 .debug_aranges
                0x000003a8       0x30 ./src/board_pins.o
 .debug_aranges
                0x000003d8       0x28 ./src/main.o
 .debug_aranges
                0x00000400       0x28 ./src/startup_armm.o

.debug_pubnames
 *(.debug_pubnames)

.debug_info     0x00000000     0x9f7c
 *(.debug_info .gnu.linkonce.wi.*)
 .debug_info    0x00000000      0x2ca ./vihal/core/src/cppinit.o
 .debug_info    0x000002ca       0x43 ./vihal/core/src/generic_defs.o
 .debug_info    0x0000030d     0x119c ./vihal/core/src/hwintflash.o
 .debug_info    0x000014a9      0xa08 ./vihal/core/src/hwpins.o
 .debug_info    0x00001eb1      0xa6a ./vihal/core/src/hwuart.o
 .debug_info    0x0000291b      0xdd8 ./vihal/core/src/mp_printf.o
 .debug_info    0x000036f3      0x25e ./vihal/armm/core/clockcnt.o
 .debug_info    0x00003951      0x2d3 ./vihal/armm/core/vectors.o
 .debug_info    0x00003c24      0xa63 ./vihal/armm/STM32/src/hwclk_stm32.o
 .debug_info    0x00004687      0xc80 ./vihal/armm/STM32/src/hwpins_stm32.o
 .debug_info    0x00005307     0x183d ./vihal/armm/STM32/src/hwrtc_stm32.o
 .debug_info    0x00006b44      0xf11 ./vihal/armm/STM32/src/hwuart_stm32.o
 .debug_info    0x00007a55      0x466 ./vihal/armm/STM32/src/stm32_utils.o
 .debug_info    0x00007ebb      0xc4a ./src/board_pins.o
 .debug_info    0x00008b05     0x1384 ./src/main.o
 .debug_info    0x00009e89       0xf3 ./src/startup_armm.o

.debug_abbrev   0x00000000     0x20c2
 *(.debug_abbrev)
 .debug_abbrev  0x00000000      0x15d ./vihal/core/src/cppinit.o
 .debug_abbrev  0x0000015d       0x40 ./vihal/core/src/generic_defs.o
 .debug_abbrev  0x0000019d      0x2a3 ./vihal/core/src/hwintflash.o
 .debug_abbrev  0x00000440      0x295 ./vihal/core/src/hwpins.o
 .debug_abbrev  0x000006d5      0x298 ./vihal/core/src/hwuart.o
 .debug_abbrev  0x0000096d      0x358 ./vihal/core/src/mp_printf.o
 .debug_abbrev  0x00000cc5       0xa7 ./vihal/armm/core/clockcnt.o
 .debug_abbrev  0x00000d6c      0x12b ./vihal/armm/core/vectors.o
 .debug_abbrev  0x00000e97      0x1fb ./vihal/armm/STM32/src/hwclk_stm32.o
 .debug_abbrev  0x00001092      0x2a9 ./vihal/armm/STM32/src/hwpins_stm32.o
 .debug_abbrev  0x0000133b      0x3f4 ./vihal/armm/STM32/src/hwrtc_stm32.o
 .debug_abbrev  0x0000172f      0x2ba ./vihal/armm/STM32/src/hwuart_stm32.o
 .debug_abbrev  0x000019e9      0x105 ./vihal/armm/STM32/src/stm32_utils.o
 .debug_abbrev  0x00001aee      0x277 ./src/board_pins.o
 .debug_abbrev  0x00001d65      0x2cb ./src/main.o
 .debug_abbrev  0x00002030       0x92 ./src/startup_armm.o

.debug_line     0x00000000     0x53ba
 *(.debug_line)
 .debug_line    0x00000000      0x3f4 ./vihal/core/src/cppinit.o
 .debug_line    0x000003f4       0x5e ./vihal/core/src/generic_defs.o
 .debug_line    0x00000452      0x635 ./vihal/core/src/hwintflash.o
 .debug_line    0x00000a87      0x38e ./vihal/core/src/hwpins.o
 .debug_line    0x00000e15      0x640 ./vihal/core/src/hwuart.o
 .debug_line    0x00001455      0xc22 ./vihal/core/src/mp_printf.o
 .debug_line    0x00002077      0x27f ./vihal/armm/core/clockcnt.o
 .debug_line    0x000022f6      0x46a ./vihal/armm/core/vectors.o
 .debug_line    0x00002760      0x661 ./vihal/armm/STM32/src/hwclk_stm32.o
 .debug_line    0x00002dc1      0x630 ./vihal/armm/STM32/src/hwpins_stm32.o
 .debug_line    0x000033f1      0x956 ./vihal/armm/STM32/src/hwrtc_stm32.o
 .debug_line    0x00003d47      0x8dd ./vihal/armm/STM32/src/hwuart_stm32.o
 .debug_line    0x00004624      0x292 ./vihal/armm/STM32/src/stm32_utils.o
 .debug_line    0x000048b6      0x35c ./src/board_pins.o
 .debug_line    0x00004c12      0x516 ./src/main.o
 .debug_line    0x00005128      0x292 ./src/startup_armm.o

.debug_frame    0x00000000      0x8a4
 *(.debug_frame)
 .debug_frame   0x00000000       0x60 ./vihal/core/src/cppinit.o
 .debug_frame   0x00000060       0xe0 ./vihal/core/src/hwintflash.o
 .debug_frame   0x00000140       0x88 ./vihal/core/src/hwpins.o
 .debug_frame   0x000001c8       0x8c ./vihal/core/src/hwuart.o
 .debug_frame   0x00000254      0x180 ./vihal/core/src/mp_printf.o
 .debug_frame   0x000003d4       0x20 ./vihal/armm/core/clockcnt.o
 .debug_frame   0x000003f4       0xb0 ./vihal/armm/core/vectors.o
 .debug_frame   0x000004a4       0x70 ./vihal/armm/STM32/src/hwclk_stm32.o
 .debug_frame   0x00000514       0xd0 ./vihal/armm/STM32/src/hwpins_stm32.o
 .debug_frame   0x000005e4       0xd8 ./vihal/armm/STM32/src/hwrtc_stm32.o
 .debug_frame   0x000006bc       0xe0 ./vihal/armm/STM32/src/hwuart_stm32.o
 .debug_frame   0x0000079c       0x30 ./vihal/armm/STM32/src/stm32_utils.o
 .debug_frame   0x000007cc       0x50 ./src/board_pins.o
 .debug_frame   0x0000081c       0x48 ./src/main.o
 .debug_frame   0x00000864       0x40 ./src/startup_armm.o

.debug_str      0x00000000    0x7d9ca
 *(.debug_str)
 .debug_str     0x00000000     0x63d9 ./vihal/core/src/cppinit.o
                               0x661a (size before relaxing)
 .debug_str     0x000063d9      0x108 ./vihal/core/src/generic_defs.o
                               0x309b (size before relaxing)
 .debug_str     0x000064e1    0x742b3 ./vihal/core/src/hwintflash.o
                              0x77f53 (size before relaxing)
 .debug_str     0x0007a794      0x4e9 ./vihal/core/src/hwpins.o
                              0x77268 (size before relaxing)
 .debug_str     0x0007ac7d     0x15f2 ./vihal/core/src/hwuart.o
                              0x7b171 (size before relaxing)
 .debug_str     0x0007c26f      0x2de ./vihal/core/src/mp_printf.o
                              0x76f0d (size before relaxing)
 .debug_str     0x0007c54d      0x164 ./vihal/armm/core/clockcnt.o
                              0x768c8 (size before relaxing)
 .debug_str     0x0007c6b1      0x11a ./vihal/armm/core/vectors.o
                              0x7688a (size before relaxing)
 .debug_str     0x0007c7cb      0x3a5 ./vihal/armm/STM32/src/hwclk_stm32.o
                              0x76c3e (size before relaxing)
 .debug_str     0x0007cb70       0xab ./vihal/armm/STM32/src/hwpins_stm32.o
                              0x773e9 (size before relaxing)
 .debug_str     0x0007cc1b      0x95d ./vihal/armm/STM32/src/hwrtc_stm32.o
                              0x77422 (size before relaxing)
 .debug_str     0x0007d578      0x138 ./vihal/armm/STM32/src/hwuart_stm32.o
                              0x7b390 (size before relaxing)
 .debug_str     0x0007d6b0       0x7b ./vihal/armm/STM32/src/stm32_utils.o
                              0x76ac7 (size before relaxing)
 .debug_str     0x0007d72b       0xdd ./src/board_pins.o
                              0x77a19 (size before relaxing)
 .debug_str     0x0007d808      0x16d ./src/main.o
                              0x77fc8 (size before relaxing)
 .debug_str     0x0007d975       0x55 ./src/startup_armm.o
                              0x767c4 (size before relaxing)

.debug_loc      0x00000000     0x388e
 *(.debug_loc)
 .debug_loc     0x00000000      0x264 ./vihal/core/src/cppinit.o
 .debug_loc     0x00000264      0x47f ./vihal/core/src/hwintflash.o
 .debug_loc     0x000006e3      0x2a8 ./vihal/core/src/hwpins.o
 .debug_loc     0x0000098b      0x197 ./vihal/core/src/hwuart.o
 .debug_loc     0x00000b22     0x101b ./vihal/core/src/mp_printf.o
 .debug_loc     0x00001b3d      0x444 ./vihal/armm/STM32/src/hwclk_stm32.o
 .debug_loc     0x00001f81      0x698 ./vihal/armm/STM32/src/hwpins_stm32.o
 .debug_loc     0x00002619      0xb68 ./vihal/armm/STM32/src/hwrtc_stm32.o
 .debug_loc     0x00003181      0x633 ./vihal/armm/STM32/src/hwuart_stm32.o
 .debug_loc     0x000037b4       0x25 ./vihal/armm/STM32/src/stm32_utils.o
 .debug_loc     0x000037d9       0x90 ./src/board_pins.o
 .debug_loc     0x00003869       0x25 ./src/main.o

.debug_macinfo
 *(.debug_macinfo)

.debug_weaknames
 *(.debug_weaknames)

.debug_funcnames
 *(.debug_funcnames)

.debug_typenames
 *(.debug_typenames)

.debug_varnames
 *(.debug_varnames)

.debug_pubtypes
 *(.debug_pubtypes)

.debug_ranges   0x00000000      0x430
 *(.debug_ranges)
 .debug_ranges  0x00000000       0x50 ./vihal/core/src/cppinit.o
 .debug_ranges  0x00000050       0x48 ./vihal/core/src/hwintflash.o
 .debug_ranges  0x00000098       0x30 ./vihal/core/src/hwpins.o
 .debug_ranges  0x000000c8       0x28 ./vihal/core/src/hwuart.o
 .debug_ranges  0x000000f0      0x128 ./vihal/core/src/mp_printf.o
 .debug_ranges  0x00000218       0x10 ./vihal/armm/core/clockcnt.o
 .debug_ranges  0x00000228       0x58 ./vihal/armm/core/vectors.o
 .debug_ranges  0x00000280       0x30 ./vihal/armm/STM32/src/hwclk_stm32.o
 .debug_ranges  0x000002b0       0x58 ./vihal/armm/STM32/src/hwpins_stm32.o
 .debug_ranges  0x00000308       0x70 ./vihal/armm/STM32/src/hwrtc_stm32.o
 .debug_ranges  0x00000378       0x50 ./vihal/armm/STM32/src/hwuart_stm32.o
 .debug_ranges  0x000003c8       0x18 ./vihal/armm/STM32/src/stm32_utils.o
 .debug_ranges  0x000003e0       0x20 ./src/board_pins.o
 .debug_ranges  0x00000400       0x18 ./src/main.o
 .debug_ranges  0x00000418       0x18 ./src/startup_armm.o

.debug_macro    0x00000000     0x1fd3
 *(.debug_macro)
 .debug_macro   0x00000000      0x13d ./vihal/core/src/cppinit.o
 .debug_macro   0x0000013d       0x22 ./vihal/core/src/cppinit.o
 .debug_macro   0x0000015f       0x5e ./vihal/core/src/cppinit.o
 .debug_macro   0x000001bd       0x18 ./vihal/core/src/cppinit.o
 .debug_macro   0x000001d5       0x94 ./vihal/core/src/cppinit.o
 .debug_macro   0x00000269       0x35 ./vihal/core/src/cppinit.o
 .debug_macro   0x0000029e       0x34 ./vihal/core/src/cppinit.o
 .debug_macro   0x000002d2       0x57 ./vihal/core/src/cppinit.o
 .debug_macro   0x00000329      0x17b ./vihal/core/src/cppinit.o
 .debug_macro   0x000004a4      0x364 ./vihal/core/src/cppinit.o
 .debug_macro   0x00000808       0x10 ./vihal/core/src/cppinit.o
 .debug_macro   0x00000818       0x16 ./vihal/core/src/cppinit.o
 .debug_macro   0x0000082e       0x43 ./vihal/core/src/cppinit.o
 .debug_macro   0x00000871       0x34 ./vihal/core/src/cppinit.o
 .debug_macro   0x000008a5       0x6a ./vihal/core/src/cppinit.o
 .debug_macro   0x0000090f       0x1c ./vihal/core/src/cppinit.o
 .debug_macro   0x0000092b       0x52 ./vihal/core/src/cppinit.o
 .debug_macro   0x0000097d       0x22 ./vihal/core/src/cppinit.o
 .debug_macro   0x0000099f       0x10 ./vihal/core/src/cppinit.o
 .debug_macro   0x000009af       0x52 ./vihal/core/src/cppinit.o
 .debug_macro   0x00000a01       0xd5 ./vihal/core/src/cppinit.o
 .debug_macro   0x00000ad6       0x1c ./vihal/core/src/cppinit.o
 .debug_macro   0x00000af2       0x3d ./vihal/core/src/cppinit.o
 .debug_macro   0x00000b2f       0x1a ./vihal/core/src/generic_defs.o
 .debug_macro   0x00000b49      0x1a7 ./vihal/core/src/hwintflash.o
 .debug_macro   0x00000cf0       0x2e ./vihal/core/src/hwintflash.o
 .debug_macro   0x00000d1e       0x10 ./vihal/core/src/hwintflash.o
 .debug_macro   0x00000d2e       0x16 ./vihal/core/src/hwintflash.o
 .debug_macro   0x00000d44      0x102 ./vihal/core/src/hwpins.o
 .debug_macro   0x00000e46      0x2d8 ./vihal/core/src/hwuart.o
 .debug_macro   0x0000111e      0x15a ./vihal/core/src/mp_printf.o
 .debug_macro   0x00001278       0x16 ./vihal/core/src/mp_printf.o
 .debug_macro   0x0000128e       0x16 ./vihal/core/src/mp_printf.o
 .debug_macro   0x000012a4       0xee ./vihal/armm/core/clockcnt.o
 .debug_macro   0x00001392       0x10 ./vihal/armm/core/clockcnt.o
 .debug_macro   0x000013a2       0xdb ./vihal/armm/core/vectors.o
 .debug_macro   0x0000147d       0xf2 ./vihal/armm/STM32/src/hwclk_stm32.o
 .debug_macro   0x0000156f       0x16 ./vihal/armm/STM32/src/hwclk_stm32.o
 .debug_macro   0x00001585      0x108 ./vihal/armm/STM32/src/hwpins_stm32.o
 .debug_macro   0x0000168d      0x107 ./vihal/armm/STM32/src/hwrtc_stm32.o
 .debug_macro   0x00001794       0x10 ./vihal/armm/STM32/src/hwrtc_stm32.o
 .debug_macro   0x000017a4       0x10 ./vihal/armm/STM32/src/hwrtc_stm32.o
 .debug_macro   0x000017b4      0x2d3 ./vihal/armm/STM32/src/hwuart_stm32.o
 .debug_macro   0x00001a87       0xea ./vihal/armm/STM32/src/stm32_utils.o
 .debug_macro   0x00001b71       0x2e ./vihal/armm/STM32/src/stm32_utils.o
 .debug_macro   0x00001b9f      0x17c ./src/board_pins.o
 .debug_macro   0x00001d1b      0x1d3 ./src/main.o
 .debug_macro   0x00001eee       0xe5 ./src/startup_armm.o

.debug_addr
 *(.debug_addr)

.gnu.attributes
 *(.gnu.attributes)

/DISCARD/
 *(.note.GNU-stack)
 *(.gnu_debuglink)
 *(.gnu.lto_*)
OUTPUT(rolloCon.elf elf32-littlearm)
LOAD linker stubs
LOAD d:/programme/gcc-arm-none-eabi-10.3-2021.10/bin/../lib/gcc/arm-none-eabi/10.3.1/../../../../arm-none-eabi/lib/thumb/v7-m/nofp\libc.a
LOAD d:/programme/gcc-arm-none-eabi-10.3-2021.10/bin/../lib/gcc/arm-none-eabi/10.3.1/../../../../arm-none-eabi/lib/thumb/v7-m/nofp\libm.a
LOAD d:/programme/gcc-arm-none-eabi-10.3-2021.10/bin/../lib/gcc/arm-none-eabi/10.3.1/thumb/v7-m/nofp\libgcc.a
